<!doctype html><html lang=zh-TW><head><title>https://kaichu.io/zh-tw/tags/golden/</title><link rel=canonical href=https://kaichu.io/zh-tw/tags/golden/><meta name=robots content="noindex"><meta charset=utf-8><meta http-equiv=refresh content="0; url=https://kaichu.io/zh-tw/tags/golden/"></head></html>