<rss xmlns:atom="http://www.w3.org/2005/Atom" version="2.0"><channel><title>golden - Tag - KaiChu</title><link>https://kaichu.io/tags/golden/</link><description>golden - Tag - KaiChu</description><generator>Hugo -- gohugo.io</generator><language>en</language><copyright>This work is licensed under a Creative Commons Attribution-NonCommercial 4.0 International License.</copyright><lastBuildDate>Wed, 06 Sep 2023 15:29:23 +0000</lastBuildDate><atom:link href="https://kaichu.io/tags/golden/" rel="self" type="application/rss+xml"/><item><title>Alfred Theme Black Golden</title><link>https://kaichu.io/posts/alfred-theme-black-golden/</link><pubDate>Wed, 06 Sep 2023 15:29:23 +0000</pubDate><author>Author</author><guid>https://kaichu.io/posts/alfred-theme-black-golden/</guid><description>Alfred Theme Black Golden</description></item></channel></rss>